[08:57:16] [0;34m═══════════════════════════════════════════════════════════════[0m
[08:57:16] [0;34m  ASM 5-Hour Observation Capture[0m
[08:57:16] [0;34m  Started: 2026-07-28 08:57:16[0m
[08:57:16] [0;34m  Duration: 5 hours[0m
[08:57:16] [0;34m  Interval: 60s[0m
[08:57:16] [0;34m═══════════════════════════════════════════════════════════════[0m
[08:57:16] [0;32mStarting capture loop...[0m
[08:57:16] [1;33m[1] Elapsed: 0s | Remaining: ~300min[0m
[08:58:18] [1;33m[2] Elapsed: 62s | Remaining: ~298min[0m
[08:59:19] [1;33m[3] Elapsed: 123s | Remaining: ~297min[0m
[09:00:19] [1;33m[4] Elapsed: 183s | Remaining: ~296min[0m
[09:01:20] [1;33m[5] Elapsed: 244s | Remaining: ~295min[0m
[09:02:21] [1;33m[6] Elapsed: 305s | Remaining: ~294min[0m
[09:03:22] [1;33m[7] Elapsed: 366s | Remaining: ~293min[0m
[09:04:23] [1;33m[8] Elapsed: 427s | Remaining: ~292min[0m
[09:05:23] [1;33m[9] Elapsed: 487s | Remaining: ~291min[0m
[09:06:24] [1;33m[10] Elapsed: 548s | Remaining: ~290min[0m
[09:06:26] [0;32m  Wallet balance captured[0m
[09:07:26] [1;33m[11] Elapsed: 610s | Remaining: ~289min[0m
[09:08:27] [1;33m[12] Elapsed: 671s | Remaining: ~288min[0m
[09:09:28] [1;33m[13] Elapsed: 732s | Remaining: ~287min[0m
[09:10:28] [1;33m[14] Elapsed: 792s | Remaining: ~286min[0m
[09:11:29] [1;33m[15] Elapsed: 853s | Remaining: ~285min[0m
[09:12:30] [1;33m[16] Elapsed: 914s | Remaining: ~284min[0m
[09:13:31] [1;33m[17] Elapsed: 975s | Remaining: ~283min[0m
[09:14:31] [1;33m[18] Elapsed: 1035s | Remaining: ~282min[0m
[09:15:32] [1;33m[19] Elapsed: 1096s | Remaining: ~281min[0m
[09:16:33] [1;33m[20] Elapsed: 1157s | Remaining: ~280min[0m
[09:16:34] [0;32m  Wallet balance captured[0m
[09:17:34] [1;33m[21] Elapsed: 1218s | Remaining: ~279min[0m
[09:18:35] [1;33m[22] Elapsed: 1279s | Remaining: ~278min[0m
[09:19:36] [1;33m[23] Elapsed: 1340s | Remaining: ~277min[0m
[09:20:37] [1;33m[24] Elapsed: 1401s | Remaining: ~276min[0m
[09:21:38] [1;33m[25] Elapsed: 1462s | Remaining: ~275min[0m
[09:22:39] [1;33m[26] Elapsed: 1523s | Remaining: ~274min[0m
[09:23:40] [1;33m[27] Elapsed: 1584s | Remaining: ~273min[0m
[09:24:41] [1;33m[28] Elapsed: 1645s | Remaining: ~272min[0m
[09:25:42] [1;33m[29] Elapsed: 1705s | Remaining: ~271min[0m
[09:26:42] [1;33m[30] Elapsed: 1766s | Remaining: ~270min[0m
[09:26:44] [0;32m  Wallet balance captured[0m
[09:27:44] [1;33m[31] Elapsed: 1828s | Remaining: ~269min[0m
[09:28:45] [1;33m[32] Elapsed: 1889s | Remaining: ~268min[0m
[09:29:46] [1;33m[33] Elapsed: 1950s | Remaining: ~267min[0m
[09:30:47] [1;33m[34] Elapsed: 2011s | Remaining: ~266min[0m
[09:31:48] [1;33m[35] Elapsed: 2072s | Remaining: ~265min[0m
[09:32:49] [1;33m[36] Elapsed: 2133s | Remaining: ~264min[0m
[09:33:51] [1;33m[37] Elapsed: 2195s | Remaining: ~263min[0m
[09:34:54] [1;33m[38] Elapsed: 2258s | Remaining: ~262min[0m
[09:35:55] [1;33m[39] Elapsed: 2319s | Remaining: ~261min[0m
[09:36:56] [1;33m[40] Elapsed: 2380s | Remaining: ~260min[0m
[09:37:09] [0;32m  Wallet balance captured[0m
[09:38:09] [1;33m[41] Elapsed: 2453s | Remaining: ~259min[0m
[09:39:11] [1;33m[42] Elapsed: 2515s | Remaining: ~258min[0m
[09:40:13] [1;33m[43] Elapsed: 2577s | Remaining: ~257min[0m
[09:41:14] [1;33m[44] Elapsed: 2638s | Remaining: ~256min[0m
[09:42:17] [1;33m[45] Elapsed: 2701s | Remaining: ~254min[0m
[09:43:18] [1;33m[46] Elapsed: 2762s | Remaining: ~253min[0m
[09:44:20] [1;33m[47] Elapsed: 2824s | Remaining: ~252min[0m
[09:45:22] [1;33m[48] Elapsed: 2886s | Remaining: ~251min[0m
[09:46:23] [1;33m[49] Elapsed: 2947s | Remaining: ~250min[0m
[09:47:26] [1;33m[50] Elapsed: 3010s | Remaining: ~249min[0m
[09:47:28] [0;32m  Wallet balance captured[0m
[09:48:28] [1;33m[51] Elapsed: 3072s | Remaining: ~248min[0m
[09:49:29] [1;33m[52] Elapsed: 3133s | Remaining: ~247min[0m
[09:50:31] [1;33m[53] Elapsed: 3195s | Remaining: ~246min[0m
[09:51:32] [1;33m[54] Elapsed: 3256s | Remaining: ~245min[0m
[09:52:33] [1;33m[55] Elapsed: 3317s | Remaining: ~244min[0m
[09:53:35] [1;33m[56] Elapsed: 3379s | Remaining: ~243min[0m
[09:54:37] [1;33m[57] Elapsed: 3441s | Remaining: ~242min[0m
[09:55:38] [1;33m[58] Elapsed: 3502s | Remaining: ~241min[0m
[09:56:39] [1;33m[59] Elapsed: 3563s | Remaining: ~240min[0m
[09:57:50] [1;33m[60] Elapsed: 3634s | Remaining: ~239min[0m
[09:57:53] [0;32m  Wallet balance captured[0m
[09:58:53] [1;33m[61] Elapsed: 3697s | Remaining: ~238min[0m
[10:00:56] [1;33m[62] Elapsed: 3820s | Remaining: ~236min[0m
[10:02:03] [1;33m[63] Elapsed: 3887s | Remaining: ~235min[0m
[10:03:04] [1;33m[64] Elapsed: 3948s | Remaining: ~234min[0m
[10:04:07] [1;33m[65] Elapsed: 4011s | Remaining: ~233min[0m
[10:05:09] [1;33m[66] Elapsed: 4073s | Remaining: ~232min[0m
[10:06:10] [1;33m[67] Elapsed: 4134s | Remaining: ~231min[0m
[10:07:11] [1;33m[68] Elapsed: 4195s | Remaining: ~230min[0m
[10:08:15] [1;33m[69] Elapsed: 4259s | Remaining: ~229min[0m
[10:09:25] [1;33m[70] Elapsed: 4329s | Remaining: ~227min[0m
[10:09:47] [0;32m  Wallet balance captured[0m
[10:10:47] [1;33m[71] Elapsed: 4411s | Remaining: ~226min[0m
[10:11:48] [1;33m[72] Elapsed: 4472s | Remaining: ~225min[0m
[10:12:49] [1;33m[73] Elapsed: 4533s | Remaining: ~224min[0m
[10:13:50] [1;33m[74] Elapsed: 4594s | Remaining: ~223min[0m
[10:14:55] [1;33m[75] Elapsed: 4659s | Remaining: ~222min[0m
[10:15:56] [1;33m[76] Elapsed: 4720s | Remaining: ~221min[0m
[10:16:57] [1;33m[77] Elapsed: 4781s | Remaining: ~220min[0m
[10:17:57] [1;33m[78] Elapsed: 4841s | Remaining: ~219min[0m
[10:18:58] [1;33m[79] Elapsed: 4902s | Remaining: ~218min[0m
[10:19:59] [1;33m[80] Elapsed: 4963s | Remaining: ~217min[0m
[10:20:01] [0;32m  Wallet balance captured[0m
[10:21:01] [1;33m[81] Elapsed: 5025s | Remaining: ~216min[0m
[10:22:02] [1;33m[82] Elapsed: 5086s | Remaining: ~215min[0m
[10:23:03] [1;33m[83] Elapsed: 5146s | Remaining: ~214min[0m
[10:24:03] [1;33m[84] Elapsed: 5207s | Remaining: ~213min[0m
[10:25:04] [1;33m[85] Elapsed: 5268s | Remaining: ~212min[0m
[10:26:05] [1;33m[86] Elapsed: 5329s | Remaining: ~211min[0m
[10:27:06] [1;33m[87] Elapsed: 5390s | Remaining: ~210min[0m
[10:28:07] [1;33m[88] Elapsed: 5451s | Remaining: ~209min[0m
[10:29:09] [1;33m[89] Elapsed: 5513s | Remaining: ~208min[0m
[10:30:10] [1;33m[90] Elapsed: 5574s | Remaining: ~207min[0m
[10:30:13] [0;32m  Wallet balance captured[0m
[10:31:13] [1;33m[91] Elapsed: 5637s | Remaining: ~206min[0m
[10:32:14] [1;33m[92] Elapsed: 5698s | Remaining: ~205min[0m
[10:33:15] [1;33m[93] Elapsed: 5759s | Remaining: ~204min[0m
[10:34:16] [1;33m[94] Elapsed: 5820s | Remaining: ~203min[0m
[10:35:17] [1;33m[95] Elapsed: 5881s | Remaining: ~201min[0m
[10:36:37] [1;33m[96] Elapsed: 5961s | Remaining: ~200min[0m
[10:37:38] [1;33m[97] Elapsed: 6022s | Remaining: ~199min[0m
[10:38:39] [1;33m[98] Elapsed: 6083s | Remaining: ~198min[0m
[10:39:41] [1;33m[99] Elapsed: 6145s | Remaining: ~197min[0m
[10:40:42] [1;33m[100] Elapsed: 6206s | Remaining: ~196min[0m
[10:40:44] [0;32m  Wallet balance captured[0m
[10:41:44] [1;33m[101] Elapsed: 6268s | Remaining: ~195min[0m
[10:42:50] [1;33m[102] Elapsed: 6334s | Remaining: ~194min[0m
[10:44:02] [1;33m[103] Elapsed: 6406s | Remaining: ~193min[0m
[10:45:10] [1;33m[104] Elapsed: 6474s | Remaining: ~192min[0m
[10:46:17] [1;33m[105] Elapsed: 6541s | Remaining: ~190min[0m
[10:47:18] [1;33m[106] Elapsed: 6602s | Remaining: ~189min[0m
[10:48:19] [1;33m[107] Elapsed: 6663s | Remaining: ~188min[0m
[10:49:29] [1;33m[108] Elapsed: 6733s | Remaining: ~187min[0m
[10:50:38] [1;33m[109] Elapsed: 6802s | Remaining: ~186min[0m
[10:52:32] [1;33m[110] Elapsed: 6916s | Remaining: ~184min[0m
[10:52:42] [0;32m  Wallet balance captured[0m
[10:53:42] [1;33m[111] Elapsed: 6986s | Remaining: ~183min[0m
[10:54:55] [1;33m[112] Elapsed: 7059s | Remaining: ~182min[0m
[10:55:56] [1;33m[113] Elapsed: 7120s | Remaining: ~181min[0m
[10:57:19] [1;33m[114] Elapsed: 7203s | Remaining: ~179min[0m
[10:58:40] [1;33m[115] Elapsed: 7284s | Remaining: ~178min[0m
[11:00:03] [1;33m[116] Elapsed: 7367s | Remaining: ~177min[0m
[11:01:42] [1;33m[117] Elapsed: 7466s | Remaining: ~175min[0m
[11:02:48] [1;33m[118] Elapsed: 7532s | Remaining: ~174min[0m
[11:04:07] [1;33m[119] Elapsed: 7611s | Remaining: ~173min[0m
[11:05:12] [1;33m[120] Elapsed: 7676s | Remaining: ~172min[0m
[11:05:28] [0;32m  Wallet balance captured[0m
[11:06:28] [1;33m[121] Elapsed: 7752s | Remaining: ~170min[0m
[11:08:14] [1;33m[122] Elapsed: 7858s | Remaining: ~169min[0m
[11:09:35] [1;33m[123] Elapsed: 7939s | Remaining: ~167min[0m
[11:10:41] [1;33m[124] Elapsed: 8005s | Remaining: ~166min[0m
[11:12:42] [1;33m[125] Elapsed: 8126s | Remaining: ~164min[0m
[11:13:58] [1;33m[126] Elapsed: 8202s | Remaining: ~163min[0m
[11:14:59] [1;33m[127] Elapsed: 8263s | Remaining: ~162min[0m
[11:16:01] [1;33m[128] Elapsed: 8325s | Remaining: ~161min[0m
[11:17:11] [1;33m[129] Elapsed: 8395s | Remaining: ~160min[0m
[11:18:12] [1;33m[130] Elapsed: 8456s | Remaining: ~159min[0m
[11:18:14] [0;32m  Wallet balance captured[0m
[11:19:14] [1;33m[131] Elapsed: 8518s | Remaining: ~158min[0m
[11:20:15] [1;33m[132] Elapsed: 8579s | Remaining: ~157min[0m
[11:21:16] [1;33m[133] Elapsed: 8640s | Remaining: ~156min[0m
[11:22:17] [1;33m[134] Elapsed: 8701s | Remaining: ~154min[0m
[11:23:20] [1;33m[135] Elapsed: 8764s | Remaining: ~153min[0m
[11:26:45] [1;33m[136] Elapsed: 8969s | Remaining: ~150min[0m
[11:27:48] [1;33m[137] Elapsed: 9032s | Remaining: ~149min[0m
[11:28:50] [1;33m[138] Elapsed: 9094s | Remaining: ~148min[0m
[11:29:51] [1;33m[139] Elapsed: 9155s | Remaining: ~147min[0m
[11:30:53] [1;33m[140] Elapsed: 9217s | Remaining: ~146min[0m
[11:31:03] [0;32m  Wallet balance captured[0m
[11:32:03] [1;33m[141] Elapsed: 9287s | Remaining: ~145min[0m
[11:33:04] [1;33m[142] Elapsed: 9348s | Remaining: ~144min[0m
[11:34:20] [1;33m[143] Elapsed: 9424s | Remaining: ~142min[0m
[11:35:21] [1;33m[144] Elapsed: 9485s | Remaining: ~141min[0m
[11:36:22] [1;33m[145] Elapsed: 9546s | Remaining: ~140min[0m
[11:37:23] [1;33m[146] Elapsed: 9607s | Remaining: ~139min[0m
[11:38:24] [1;33m[147] Elapsed: 9668s | Remaining: ~138min[0m
[11:39:25] [1;33m[148] Elapsed: 9729s | Remaining: ~137min[0m
[11:40:26] [1;33m[149] Elapsed: 9790s | Remaining: ~136min[0m
[11:41:27] [1;33m[150] Elapsed: 9851s | Remaining: ~135min[0m
[11:41:28] [0;32m  Wallet balance captured[0m
[11:42:28] [1;33m[151] Elapsed: 9912s | Remaining: ~134min[0m
[11:43:29] [1;33m[152] Elapsed: 9973s | Remaining: ~133min[0m
[11:44:30] [1;33m[153] Elapsed: 10034s | Remaining: ~132min[0m
[11:45:31] [1;33m[154] Elapsed: 10095s | Remaining: ~131min[0m
[11:46:33] [1;33m[155] Elapsed: 10157s | Remaining: ~130min[0m
[11:48:02] [1;33m[156] Elapsed: 10246s | Remaining: ~129min[0m
[11:49:03] [1;33m[157] Elapsed: 10307s | Remaining: ~128min[0m
[11:50:19] [1;33m[158] Elapsed: 10383s | Remaining: ~126min[0m
[11:51:20] [1;33m[159] Elapsed: 10444s | Remaining: ~125min[0m
[11:52:22] [1;33m[160] Elapsed: 10506s | Remaining: ~124min[0m
[11:52:23] [0;32m  Wallet balance captured[0m
[11:53:23] [1;33m[161] Elapsed: 10567s | Remaining: ~123min[0m
[11:54:24] [1;33m[162] Elapsed: 10628s | Remaining: ~122min[0m
[11:55:25] [1;33m[163] Elapsed: 10689s | Remaining: ~121min[0m
[11:56:26] [1;33m[164] Elapsed: 10750s | Remaining: ~120min[0m
[11:57:27] [1;33m[165] Elapsed: 10811s | Remaining: ~119min[0m
[11:58:28] [1;33m[166] Elapsed: 10872s | Remaining: ~118min[0m
[11:59:29] [1;33m[167] Elapsed: 10933s | Remaining: ~117min[0m
[12:00:30] [1;33m[168] Elapsed: 10994s | Remaining: ~116min[0m
[12:01:31] [1;33m[169] Elapsed: 11055s | Remaining: ~115min[0m
[12:02:32] [1;33m[170] Elapsed: 11116s | Remaining: ~114min[0m
[12:02:33] [0;32m  Wallet balance captured[0m
[12:03:33] [1;33m[171] Elapsed: 11177s | Remaining: ~113min[0m
[12:04:34] [1;33m[172] Elapsed: 11238s | Remaining: ~112min[0m
[12:05:35] [1;33m[173] Elapsed: 11299s | Remaining: ~111min[0m
[12:06:36] [1;33m[174] Elapsed: 11360s | Remaining: ~110min[0m
[12:07:37] [1;33m[175] Elapsed: 11421s | Remaining: ~109min[0m
[12:08:38] [1;33m[176] Elapsed: 11482s | Remaining: ~108min[0m
[12:09:39] [1;33m[177] Elapsed: 11543s | Remaining: ~107min[0m
[12:10:41] [1;33m[178] Elapsed: 11605s | Remaining: ~106min[0m
[12:11:43] [1;33m[179] Elapsed: 11667s | Remaining: ~105min[0m
[12:12:45] [1;33m[180] Elapsed: 11729s | Remaining: ~104min[0m
[12:13:44] [0;32m  Wallet balance captured[0m
[12:14:44] [1;33m[181] Elapsed: 11848s | Remaining: ~102min[0m
[12:15:45] [1;33m[182] Elapsed: 11909s | Remaining: ~101min[0m
[12:16:46] [1;33m[183] Elapsed: 11970s | Remaining: ~100min[0m
[12:17:47] [1;33m[184] Elapsed: 12031s | Remaining: ~99min[0m
[12:18:48] [1;33m[185] Elapsed: 12092s | Remaining: ~98min[0m
[12:19:49] [1;33m[186] Elapsed: 12153s | Remaining: ~97min[0m
[12:20:50] [1;33m[187] Elapsed: 12214s | Remaining: ~96min[0m
[12:21:51] [1;33m[188] Elapsed: 12275s | Remaining: ~95min[0m
[12:22:53] [1;33m[189] Elapsed: 12337s | Remaining: ~94min[0m
[12:24:02] [1;33m[190] Elapsed: 12406s | Remaining: ~93min[0m
[12:24:04] [0;32m  Wallet balance captured[0m
[12:25:04] [1;33m[191] Elapsed: 12468s | Remaining: ~92min[0m
[12:26:12] [1;33m[192] Elapsed: 12536s | Remaining: ~91min[0m
[12:27:51] [1;33m[193] Elapsed: 12635s | Remaining: ~89min[0m
[12:28:52] [1;33m[194] Elapsed: 12696s | Remaining: ~88min[0m
[12:29:53] [1;33m[195] Elapsed: 12757s | Remaining: ~87min[0m
[12:30:54] [1;33m[196] Elapsed: 12818s | Remaining: ~86min[0m
[12:31:55] [1;33m[197] Elapsed: 12879s | Remaining: ~85min[0m
[12:32:56] [1;33m[198] Elapsed: 12940s | Remaining: ~84min[0m
[12:33:57] [1;33m[199] Elapsed: 13001s | Remaining: ~83min[0m
[12:34:58] [1;33m[200] Elapsed: 13062s | Remaining: ~82min[0m
[12:35:00] [0;32m  Wallet balance captured[0m
[12:36:00] [1;33m[201] Elapsed: 13124s | Remaining: ~81min[0m
[12:37:01] [1;33m[202] Elapsed: 13185s | Remaining: ~80min[0m
[12:38:02] [1;33m[203] Elapsed: 13246s | Remaining: ~79min[0m
[12:39:03] [1;33m[204] Elapsed: 13307s | Remaining: ~78min[0m
[12:40:04] [1;33m[205] Elapsed: 13368s | Remaining: ~77min[0m
[12:41:09] [1;33m[206] Elapsed: 13433s | Remaining: ~76min[0m
[12:42:18] [1;33m[207] Elapsed: 13502s | Remaining: ~74min[0m
[12:43:32] [1;33m[208] Elapsed: 13576s | Remaining: ~73min[0m
[12:44:33] [1;33m[209] Elapsed: 13637s | Remaining: ~72min[0m
[12:45:35] [1;33m[210] Elapsed: 13699s | Remaining: ~71min[0m
[12:45:36] [0;32m  Wallet balance captured[0m
[12:46:36] [1;33m[211] Elapsed: 13760s | Remaining: ~70min[0m
[12:47:37] [1;33m[212] Elapsed: 13821s | Remaining: ~69min[0m
[12:48:38] [1;33m[213] Elapsed: 13882s | Remaining: ~68min[0m
[12:49:39] [1;33m[214] Elapsed: 13943s | Remaining: ~67min[0m
[12:50:43] [1;33m[215] Elapsed: 14007s | Remaining: ~66min[0m
[12:51:58] [1;33m[216] Elapsed: 14082s | Remaining: ~65min[0m
[12:54:02] [1;33m[217] Elapsed: 14206s | Remaining: ~63min[0m
[12:55:03] [1;33m[218] Elapsed: 14267s | Remaining: ~62min[0m
[12:56:04] [1;33m[219] Elapsed: 14328s | Remaining: ~61min[0m
[12:57:04] [1;33m[220] Elapsed: 14388s | Remaining: ~60min[0m
[12:57:06] [0;32m  Wallet balance captured[0m
[12:58:06] [1;33m[221] Elapsed: 14450s | Remaining: ~59min[0m
[12:59:07] [1;33m[222] Elapsed: 14511s | Remaining: ~58min[0m
[13:00:08] [1;33m[223] Elapsed: 14572s | Remaining: ~57min[0m
[13:01:09] [1;33m[224] Elapsed: 14633s | Remaining: ~56min[0m
[13:02:10] [1;33m[225] Elapsed: 14694s | Remaining: ~55min[0m
[13:03:11] [1;33m[226] Elapsed: 14755s | Remaining: ~54min[0m
[13:04:12] [1;33m[227] Elapsed: 14816s | Remaining: ~53min[0m
[13:05:13] [1;33m[228] Elapsed: 14877s | Remaining: ~52min[0m
[13:06:14] [1;33m[229] Elapsed: 14938s | Remaining: ~51min[0m
[13:07:15] [1;33m[230] Elapsed: 14999s | Remaining: ~50min[0m
[13:07:20] [0;32m  Wallet balance captured[0m
[13:08:20] [1;33m[231] Elapsed: 15064s | Remaining: ~48min[0m
[13:09:25] [1;33m[232] Elapsed: 15129s | Remaining: ~47min[0m
[13:10:28] [1;33m[233] Elapsed: 15192s | Remaining: ~46min[0m
[13:11:30] [1;33m[234] Elapsed: 15254s | Remaining: ~45min[0m
[13:12:47] [1;33m[235] Elapsed: 15331s | Remaining: ~44min[0m
[13:14:30] [1;33m[236] Elapsed: 15434s | Remaining: ~42min[0m
[13:16:19] [1;33m[237] Elapsed: 15543s | Remaining: ~40min[0m
[13:17:20] [1;33m[238] Elapsed: 15604s | Remaining: ~39min[0m
[13:18:24] [1;33m[239] Elapsed: 15668s | Remaining: ~38min[0m
[13:19:26] [1;33m[240] Elapsed: 15730s | Remaining: ~37min[0m
[13:19:28] [0;32m  Wallet balance captured[0m
[13:20:28] [1;33m[241] Elapsed: 15792s | Remaining: ~36min[0m
[13:21:29] [1;33m[242] Elapsed: 15853s | Remaining: ~35min[0m
[13:22:36] [1;33m[243] Elapsed: 15920s | Remaining: ~34min[0m
[13:23:39] [1;33m[244] Elapsed: 15983s | Remaining: ~33min[0m
[13:24:41] [1;33m[245] Elapsed: 16045s | Remaining: ~32min[0m
[13:26:19] [1;33m[246] Elapsed: 16143s | Remaining: ~30min[0m
[13:27:21] [1;33m[247] Elapsed: 16205s | Remaining: ~29min[0m
[13:28:45] [1;33m[248] Elapsed: 16289s | Remaining: ~28min[0m
[13:29:48] [1;33m[249] Elapsed: 16352s | Remaining: ~27min[0m
[13:30:51] [1;33m[250] Elapsed: 16415s | Remaining: ~26min[0m
[13:30:53] [0;32m  Wallet balance captured[0m
[13:31:53] [1;33m[251] Elapsed: 16477s | Remaining: ~25min[0m
[13:32:55] [1;33m[252] Elapsed: 16539s | Remaining: ~24min[0m
[13:33:56] [1;33m[253] Elapsed: 16600s | Remaining: ~23min[0m
[13:34:59] [1;33m[254] Elapsed: 16663s | Remaining: ~22min[0m
[13:36:00] [1;33m[255] Elapsed: 16724s | Remaining: ~21min[0m
[13:37:07] [1;33m[256] Elapsed: 16791s | Remaining: ~20min[0m
[13:38:09] [1;33m[257] Elapsed: 16853s | Remaining: ~19min[0m
[13:39:11] [1;33m[258] Elapsed: 16915s | Remaining: ~18min[0m
[13:40:13] [1;33m[259] Elapsed: 16977s | Remaining: ~17min[0m
[13:42:20] [1;33m[260] Elapsed: 17104s | Remaining: ~14min[0m
[13:42:29] [0;32m  Wallet balance captured[0m
[13:43:29] [1;33m[261] Elapsed: 17173s | Remaining: ~13min[0m
[13:44:34] [1;33m[262] Elapsed: 17238s | Remaining: ~12min[0m
[13:46:05] [1;33m[263] Elapsed: 17329s | Remaining: ~11min[0m
[13:47:07] [1;33m[264] Elapsed: 17391s | Remaining: ~10min[0m
[13:48:09] [1;33m[265] Elapsed: 17453s | Remaining: ~9min[0m
[13:49:10] [1;33m[266] Elapsed: 17514s | Remaining: ~8min[0m
[13:50:11] [1;33m[267] Elapsed: 17575s | Remaining: ~7min[0m
[13:51:13] [1;33m[268] Elapsed: 17637s | Remaining: ~6min[0m
[13:52:28] [1;33m[269] Elapsed: 17712s | Remaining: ~4min[0m
[13:53:30] [1;33m[270] Elapsed: 17774s | Remaining: ~3min[0m
[13:53:36] [0;32m  Wallet balance captured[0m
[13:54:36] [1;33m[271] Elapsed: 17840s | Remaining: ~2min[0m
[13:55:45] [1;33m[272] Elapsed: 17909s | Remaining: ~1min[0m
[13:56:47] [1;33m[273] Elapsed: 17971s | Remaining: ~0min[0m
[13:57:48] [0;34m═══════════════════════════════════════════════════════════════[0m
[13:57:48] [0;34m  Capture Complete[0m
[13:57:48] [0;34m  Snapshots: 273[0m
[13:57:48] [0;34m  Duration: 300 minutes[0m
[13:57:48] [0;34m═══════════════════════════════════════════════════════════════[0m
